Nothing to build in platform 'mb_design_palindrome_v2'

23:49:08 **** Build of configuration Debug for project palindrome_App ****
make all 
'Building file: ../src/helloworld.c'
'Invoking: MicroBlaze gcc compiler'
mb-gcc -Wall -O0 -g3 -c -fmessage-length=0 -MT"src/helloworld.o" -IC:/Users/Raquel/Desktop/Project_CR/projeto/palindrome_vitis_v2/mb_design_palindrome_v2/export/mb_design_palindrome_v2/sw/mb_design_palindrome_v2/standalone_microblaze_0/bspinclude/include -mlittle-endian -mcpu=v11.0 -mxl-soft-mul -Wl,--no-relax -ffunction-sections -fdata-sections -MMD -MP -MF"src/helloworld.d" -MT"src/helloworld.o" -o "src/helloworld.o" "../src/helloworld.c"
'Finished building: ../src/helloworld.c'
' '
'Building file: ../src/platform.c'
'Invoking: MicroBlaze gcc compiler'
mb-gcc -Wall -O0 -g3 -c -fmessage-length=0 -MT"src/platform.o" -IC:/Users/Raquel/Desktop/Project_CR/projeto/palindrome_vitis_v2/mb_design_palindrome_v2/export/mb_design_palindrome_v2/sw/mb_design_palindrome_v2/standalone_microblaze_0/bspinclude/include -mlittle-endian -mcpu=v11.0 -mxl-soft-mul -Wl,--no-relax -ffunction-sections -fdata-sections -MMD -MP -MF"src/platform.d" -MT"src/platform.o" -o "src/platform.o" "../src/platform.c"
'Finished building: ../src/platform.c'
' '
'Building target: palindrome_App.elf'
'Invoking: MicroBlaze gcc linker'
mb-gcc -Wl,-T -Wl,../src/lscript.ld -LC:/Users/Raquel/Desktop/Project_CR/projeto/palindrome_vitis_v2/mb_design_palindrome_v2/export/mb_design_palindrome_v2/sw/mb_design_palindrome_v2/standalone_microblaze_0/bsplib/lib -mlittle-endian -mcpu=v11.0 -mxl-soft-mul -Wl,--no-relax -Wl,--gc-sections -o "palindrome_App.elf"  ./src/helloworld.o ./src/platform.o   -Wl,--start-group,-lxil,-lgcc,-lc,--end-group
'Finished building target: palindrome_App.elf'
' '
'Invoking: MicroBlaze Print Size'
mb-size palindrome_App.elf  |tee "palindrome_App.elf.size"
   text	   data	    bss	    dec	    hex	filename
  17824	   1468	   3172	  22464	   57c0	palindrome_App.elf
'Finished building: palindrome_App.elf.size'
' '
23:49:09 **** Build of configuration Debug for project palindrome_App_system ****
make all 
Skipping SD card image generation. Reason: "The system project only has applications for microblaze processors."
