Nothing to build in platform 'mb_design_palindrome'

23:04:31 **** Incremental Build of configuration Debug for project palindromeApp ****
make all 
'Building file: ../src/helloworld.c'
'Invoking: MicroBlaze gcc compiler'
mb-gcc -Wall -O0 -g3 -c -fmessage-length=0 -MT"src/helloworld.o" -IC:/Users/Raquel/Desktop/Project_CR/projeto/palindrome_vitis/mb_design_palindrome/export/mb_design_palindrome/sw/mb_design_palindrome/standalone_microblaze_0/bspinclude/include -mlittle-endian -mcpu=v11.0 -mxl-soft-mul -Wl,--no-relax -ffunction-sections -fdata-sections -MMD -MP -MF"src/helloworld.d" -MT"src/helloworld.o" -o "src/helloworld.o" "../src/helloworld.c"
'Finished building: ../src/helloworld.c'
' '
'Building target: palindromeApp.elf'
'Invoking: MicroBlaze gcc linker'
mb-gcc -Wl,-T -Wl,../src/lscript.ld -LC:/Users/Raquel/Desktop/Project_CR/projeto/palindrome_vitis/mb_design_palindrome/export/mb_design_palindrome/sw/mb_design_palindrome/standalone_microblaze_0/bsplib/lib -mlittle-endian -mcpu=v11.0 -mxl-soft-mul -Wl,--no-relax -Wl,--gc-sections -o "palindromeApp.elf"  ./src/helloworld.o ./src/platform.o   -Wl,--start-group,-lxil,-lgcc,-lc,--end-group
'Finished building target: palindromeApp.elf'
' '
'Invoking: MicroBlaze Print Size'
mb-size palindromeApp.elf  |tee "palindromeApp.elf.size"
   text	   data	    bss	    dec	    hex	filename
  17824	   1468	   3172	  22464	   57c0	palindromeApp.elf
'Finished building: palindromeApp.elf.size'
' '
23:04:32 **** Incremental Build of configuration Debug for project palindromeApp_system ****
make all 
Skipping SD card image generation. Reason: "The system project only has applications for microblaze processors."
