#-----------------------------------------------------------
# updatemem v2020.2 (64-bit)
# SW Build 3064766 on Wed Nov 18 09:12:45 MST 2020
# 
# Start of session at: Thu Jun 16 22:19:41 2022
# Process ID: 6268
# Current directory: C:/Users/User/Dropbox/Project_CR/projeto/palindrome
# Command line: updatemem.exe -mode batch -source C:/Xilinx/Vitis/2020.2/scripts/updatemem/main.tcl -notrace -tclargs -meminfo C:/Users/User/Dropbox/Project_CR/projeto/palindrome_vitis/palindromeApp/_ide/bitstream/mb_design_palindrome.mmi -data C:/Xilinx/Vitis/2020.2/data/embeddedsw/lib/microblaze/mb_bootloop_le.elf -proc mb_design_i/microblaze_0 -bit C:/Users/User/Dropbox/Project_CR/projeto/palindrome_vitis/palindromeApp/_ide/bitstream/mb_design_palindrome.bit -out C:/Users/User/Dropbox/Project_CR/projeto/palindrome_vitis/palindromeApp/_ide/bitstream/download.bit -force
# Log file: C:/Users/User/Dropbox/Project_CR/projeto/palindrome/updatemem.log
# Journal file: C:/Users/User/Dropbox/Project_CR/projeto/palindrome\updatemem.jou
#-----------------------------------------------------------
source C:/Xilinx/Vitis/2020.2/scripts/updatemem/main.tcl -notrace
